========================================
FECHA: 2026-09-02 16:30:18
TIPO: Recuperación de contraseña
EMAIL SOLICITADO: chrismar@others.com
USUARIO ENCONTRADO: NO
ENLACE: http://localhost/Projects/PLCTech/reset-password?token=18e46b57db91edb8eae46310cd5f59ba&user_id=0
========================================

========================================
FECHA: 2026-09-02 17:01:25
TIPO: Recuperación de contraseña
EMAIL SOLICITADO: chrismar94@others.com
USUARIO ENCONTRADO: SÍ (ID: 23)
ENLACE: http://localhost/Projects/PLCTech/reset-password?token=3392c2a4cc13e4c8102951f06c3fe7c7&user_id=23
========================================

========================================
FECHA: 2026-09-02 17:25:59
TIPO: Recuperación de contraseña
EMAIL: frankrar@jets.net
USUARIO: frankrar
ENLACE: http://localhost/Projects/PLCTech/reset-password?token=d2f85560017b79d98d498ebbcc06354d&user_id=20
========================================

========================================
FECHA: 2026-09-02 17:32:34
TIPO: Recuperación de contraseña
EMAIL: manuelf.borrego@techp.com
USUARIO: Adonairafa
ENLACE: http://localhost/Projects/PLCTech/reset-password?token=c41241d82b6e7f678174ebdd371878fd&user_id=2
========================================

========================================
FECHA: 2026-09-04 15:36:38
TIPO: Recuperación de contraseña
EMAIL: nestorjoca@sats.net
USUARIO: nestorjoca
ENLACE: http://localhost/Projects/PLCTech/reset-password?token=50d2b2cbf8e978f3c94acbe9f247917b&user_id=24
========================================

========================================
FECHA: 2026-09-04 15:38:43
TIPO: Recuperación de contraseña
EMAIL: nestorjoca@sats.net
USUARIO: nestorjoca
ENLACE: http://localhost/Projects/PLCTech/reset-password?token=b177d1ef59a5e10ecf19f25670ca0cd6&user_id=24
========================================

========================================
FECHA: 2026-09-04 15:40:35
TIPO: Recuperación de contraseña
EMAIL: nestorjoca@sats.net
USUARIO: nestorjoca
ENLACE: http://localhost/Projects/PLCTech/reset-password?token=40307755136fe9523af5edef322398f9&user_id=24
========================================

========================================
FECHA: 2026-09-04 15:41:09
TIPO: Recuperación de contraseña
EMAIL: nestorjoca@sats.net
USUARIO: nestorjoca
ENLACE: http://localhost/Projects/PLCTech/reset-password?token=c48a28ab98caf5d2c6a16450f16931d4&user_id=24
========================================

========================================
FECHA: 2026-09-04 15:56:45
TIPO: Recuperación de contraseña
EMAIL: nestorjoca@sats.net
USUARIO: nestorjoca
ENLACE: http://localhost/Projects/PLCTech/reset-password?token=6c7d709f4cf1c63ea4a035e3cb6b58b8&user_id=24
========================================

========================================
FECHA: 2026-09-04 16:11:16
TIPO: Recuperación de contraseña
EMAIL: nestorjoca@sats.net
USUARIO: nestorjoca
ENLACE: http://localhost/Projects/PLCTech/reset-password?token=a3c8031123da2fa860af85880873e3bb&user_id=24
========================================

